2026-03-28 15:18:14,602 - aqt.main - INFO - installer 140667714714560 aqtinstall(aqt) v3.3.0 on Python 3.14.3 [CPython GCC 15.2.1 20260123 (Red Hat 15.2.1-7)]
2026-03-28 15:18:14,603 - aqt.helper - DEBUG - helper 140667714714560 Attempt to download checksum at https://download.qt.io/online/qtsdkrepository/linux_x64/desktop/qt6_673/Updates.xml.sha256
2026-03-28 15:18:17,292 - aqt.helper - DEBUG - helper 139713713884096 Attempt to download checksum at https://download.qt.io/online/qtsdkrepository/linux_x64/desktop/qt6_673/qt.qt6.673.linux_gcc_64/6.7.3-0-202409200836qtbase-Linux-RHEL_8_8-GCC-Linux-RHEL_8_8-X86_64.7z.sha256
2026-03-28 15:18:17,319 - aqt.helper - DEBUG - helper 140170417507264 Attempt to download checksum at https://download.qt.io/online/qtsdkrepository/linux_x64/desktop/qt6_673/qt.qt6.673.linux_gcc_64/6.7.3-0-202409200836qtsvg-Linux-RHEL_8_8-GCC-Linux-RHEL_8_8-X86_64.7z.sha256
2026-03-28 15:18:17,346 - aqt.helper - DEBUG - helper 140277713710016 Attempt to download checksum at https://download.qt.io/online/qtsdkrepository/linux_x64/desktop/qt6_673/qt.qt6.673.linux_gcc_64/6.7.3-0-202409200836qtdeclarative-Linux-RHEL_8_8-GCC-Linux-RHEL_8_8-X86_64.7z.sha256
2026-03-28 15:18:17,382 - aqt.helper - DEBUG - helper 139647307787200 Attempt to download checksum at https://download.qt.io/online/qtsdkrepository/linux_x64/desktop/qt6_673/qt.qt6.673.linux_gcc_64/6.7.3-0-202409200836qttools-Linux-RHEL_8_8-GCC-Linux-RHEL_8_8-X86_64.7z.sha256
2026-03-28 15:18:18,206 - aqt.helper - INFO - helper 139647307787200 Downloading qttools...
2026-03-28 15:18:18,206 - aqt.helper - INFO - helper 139713713884096 Downloading qtbase...
2026-03-28 15:18:18,206 - aqt.helper - INFO - helper 140277713710016 Downloading qtdeclarative...
2026-03-28 15:18:18,206 - aqt.helper - INFO - helper 140170417507264 Downloading qtsvg...
2026-03-28 15:18:18,207 - aqt.installer - DEBUG - installer 139713713884096 Download URL: https://download.qt.io/online/qtsdkrepository/linux_x64/desktop/qt6_673/qt.qt6.673.linux_gcc_64/6.7.3-0-202409200836qtbase-Linux-RHEL_8_8-GCC-Linux-RHEL_8_8-X86_64.7z
2026-03-28 15:18:18,208 - aqt.installer - DEBUG - installer 140277713710016 Download URL: https://download.qt.io/online/qtsdkrepository/linux_x64/desktop/qt6_673/qt.qt6.673.linux_gcc_64/6.7.3-0-202409200836qtdeclarative-Linux-RHEL_8_8-GCC-Linux-RHEL_8_8-X86_64.7z
2026-03-28 15:18:18,207 - aqt.installer - DEBUG - installer 139647307787200 Download URL: https://download.qt.io/online/qtsdkrepository/linux_x64/desktop/qt6_673/qt.qt6.673.linux_gcc_64/6.7.3-0-202409200836qttools-Linux-RHEL_8_8-GCC-Linux-RHEL_8_8-X86_64.7z
2026-03-28 15:18:18,212 - aqt.installer - DEBUG - installer 140170417507264 Download URL: https://download.qt.io/online/qtsdkrepository/linux_x64/desktop/qt6_673/qt.qt6.673.linux_gcc_64/6.7.3-0-202409200836qtsvg-Linux-RHEL_8_8-GCC-Linux-RHEL_8_8-X86_64.7z
2026-03-28 15:18:18,967 - aqt.helper - DEBUG - helper 139647307787200 Asked to redirect(302) to: https://mirror.maeen.sa/qtproject/online/qtsdkrepository/linux_x64/desktop/qt6_673/qt.qt6.673.linux_gcc_64/6.7.3-0-202409200836qttools-Linux-RHEL_8_8-GCC-Linux-RHEL_8_8-X86_64.7z
2026-03-28 15:18:18,967 - aqt.helper - INFO - helper 139647307787200 Redirected: mirror.maeen.sa
2026-03-28 15:18:18,983 - aqt.helper - DEBUG - helper 140277713710016 Asked to redirect(302) to: https://mirror.maeen.sa/qtproject/online/qtsdkrepository/linux_x64/desktop/qt6_673/qt.qt6.673.linux_gcc_64/6.7.3-0-202409200836qtdeclarative-Linux-RHEL_8_8-GCC-Linux-RHEL_8_8-X86_64.7z
2026-03-28 15:18:18,983 - aqt.helper - INFO - helper 140277713710016 Redirected: mirror.maeen.sa
2026-03-28 15:18:19,844 - aqt.helper - DEBUG - helper 140170417507264 Asked to redirect(302) to: https://mirror.maeen.sa/qtproject/online/qtsdkrepository/linux_x64/desktop/qt6_673/qt.qt6.673.linux_gcc_64/6.7.3-0-202409200836qtsvg-Linux-RHEL_8_8-GCC-Linux-RHEL_8_8-X86_64.7z
2026-03-28 15:18:19,844 - aqt.helper - DEBUG - helper 139713713884096 Asked to redirect(302) to: https://mirror.maeen.sa/qtproject/online/qtsdkrepository/linux_x64/desktop/qt6_673/qt.qt6.673.linux_gcc_64/6.7.3-0-202409200836qtbase-Linux-RHEL_8_8-GCC-Linux-RHEL_8_8-X86_64.7z
2026-03-28 15:18:19,845 - aqt.helper - INFO - helper 139713713884096 Redirected: mirror.maeen.sa
2026-03-28 15:18:19,844 - aqt.helper - INFO - helper 140170417507264 Redirected: mirror.maeen.sa
2026-03-28 15:18:24,463 - aqt.installer - INFO - installer 140170417507264 Finished installation of qtsvg-Linux-RHEL_8_8-GCC-Linux-RHEL_8_8-X86_64.7z in 7.14969342
2026-03-28 15:18:24,485 - aqt.helper - DEBUG - helper 140170417507264 Attempt to download checksum at https://download.qt.io/online/qtsdkrepository/linux_x64/desktop/qt6_673/qt.qt6.673.linux_gcc_64/6.7.3-0-202409200836qttranslations-Linux-RHEL_8_8-GCC-Linux-RHEL_8_8-X86_64.7z.sha256
2026-03-28 15:18:25,272 - aqt.helper - INFO - helper 140170417507264 Downloading qttranslations...
2026-03-28 15:18:25,272 - aqt.installer - DEBUG - installer 140170417507264 Download URL: https://download.qt.io/online/qtsdkrepository/linux_x64/desktop/qt6_673/qt.qt6.673.linux_gcc_64/6.7.3-0-202409200836qttranslations-Linux-RHEL_8_8-GCC-Linux-RHEL_8_8-X86_64.7z
2026-03-28 15:18:25,986 - aqt.helper - DEBUG - helper 140170417507264 Asked to redirect(302) to: https://mirror.maeen.sa/qtproject/online/qtsdkrepository/linux_x64/desktop/qt6_673/qt.qt6.673.linux_gcc_64/6.7.3-0-202409200836qttranslations-Linux-RHEL_8_8-GCC-Linux-RHEL_8_8-X86_64.7z
2026-03-28 15:18:25,987 - aqt.helper - INFO - helper 140170417507264 Redirected: mirror.maeen.sa
2026-03-28 15:18:29,395 - aqt.installer - INFO - installer 140170417507264 Finished installation of qttranslations-Linux-RHEL_8_8-GCC-Linux-RHEL_8_8-X86_64.7z in 4.91290548
2026-03-28 15:18:29,422 - aqt.helper - DEBUG - helper 140170417507264 Attempt to download checksum at https://download.qt.io/online/qtsdkrepository/linux_x64/desktop/qt6_673/qt.qt6.673.linux_gcc_64/6.7.3-0-202409200836qtwayland-Linux-RHEL_8_8-GCC-Linux-RHEL_8_8-X86_64.7z.sha256
2026-03-28 15:18:30,258 - aqt.helper - INFO - helper 140170417507264 Downloading qtwayland...
2026-03-28 15:18:30,259 - aqt.installer - DEBUG - installer 140170417507264 Download URL: https://download.qt.io/online/qtsdkrepository/linux_x64/desktop/qt6_673/qt.qt6.673.linux_gcc_64/6.7.3-0-202409200836qtwayland-Linux-RHEL_8_8-GCC-Linux-RHEL_8_8-X86_64.7z
2026-03-28 15:18:30,970 - aqt.helper - DEBUG - helper 140170417507264 Asked to redirect(302) to: https://mirror.maeen.sa/qtproject/online/qtsdkrepository/linux_x64/desktop/qt6_673/qt.qt6.673.linux_gcc_64/6.7.3-0-202409200836qtwayland-Linux-RHEL_8_8-GCC-Linux-RHEL_8_8-X86_64.7z
2026-03-28 15:18:30,970 - aqt.helper - INFO - helper 140170417507264 Redirected: mirror.maeen.sa
2026-03-28 15:18:32,816 - aqt.installer - INFO - installer 140170417507264 Finished installation of qtwayland-Linux-RHEL_8_8-GCC-Linux-RHEL_8_8-X86_64.7z in 3.39545729
2026-03-28 15:18:32,840 - aqt.helper - DEBUG - helper 140170417507264 Attempt to download checksum at https://download.qt.io/online/qtsdkrepository/linux_x64/desktop/qt6_673/qt.qt6.673.linux_gcc_64/6.7.3-0-202409200836icu-linux-Rhel8.6-x86_64.7z.sha256
2026-03-28 15:18:33,605 - aqt.helper - INFO - helper 140170417507264 Downloading icu...
2026-03-28 15:18:33,606 - aqt.installer - DEBUG - installer 140170417507264 Download URL: https://download.qt.io/online/qtsdkrepository/linux_x64/desktop/qt6_673/qt.qt6.673.linux_gcc_64/6.7.3-0-202409200836icu-linux-Rhel8.6-x86_64.7z
2026-03-28 15:18:34,341 - aqt.helper - DEBUG - helper 140170417507264 Asked to redirect(302) to: https://mirror.maeen.sa/qtproject/online/qtsdkrepository/linux_x64/desktop/qt6_673/qt.qt6.673.linux_gcc_64/6.7.3-0-202409200836icu-linux-Rhel8.6-x86_64.7z
2026-03-28 15:18:34,342 - aqt.helper - INFO - helper 140170417507264 Redirected: mirror.maeen.sa
2026-03-28 15:18:50,283 - aqt.installer - INFO - installer 140170417507264 Finished installation of icu-linux-Rhel8.6-x86_64.7z in 17.44557188
2026-03-28 15:19:18,487 - aqt.installer - INFO - installer 139647307787200 Finished installation of qttools-Linux-RHEL_8_8-GCC-Linux-RHEL_8_8-X86_64.7z in 61.10639679
2026-03-28 15:19:24,856 - aqt.installer - INFO - installer 139713713884096 Finished installation of qtbase-Linux-RHEL_8_8-GCC-Linux-RHEL_8_8-X86_64.7z in 67.56996148
